{
  "version": "1.5.0",
  "plugins_used": [
    {
      "name": "ArtifactoryDetector"
    },
    {
      "name": "AWSKeyDetector"
    },
    {
      "name": "AzureStorageKeyDetector"
    },
    {
      "name": "Base64HighEntropyString",
      "limit": 4.5
    },
    {
      "name": "BasicAuthDetector"
    },
    {
      "name": "CloudantDetector"
    },
    {
      "name": "DiscordBotTokenDetector"
    },
    {
      "name": "GitHubTokenDetector"
    },
    {
      "name": "GitLabTokenDetector"
    },
    {
      "name": "HexHighEntropyString",
      "limit": 3.0
    },
    {
      "name": "IbmCloudIamDetector"
    },
    {
      "name": "IbmCosHmacDetector"
    },
    {
      "name": "IPPublicDetector"
    },
    {
      "name": "JwtTokenDetector"
    },
    {
      "name": "KeywordDetector",
      "keyword_exclude": ""
    },
    {
      "name": "MailchimpDetector"
    },
    {
      "name": "NpmDetector"
    },
    {
      "name": "OpenAIDetector"
    },
    {
      "name": "PrivateKeyDetector"
    },
    {
      "name": "PypiTokenDetector"
    },
    {
      "name": "SendGridDetector"
    },
    {
      "name": "SlackDetector"
    },
    {
      "name": "SoftlayerDetector"
    },
    {
      "name": "SquareOAuthDetector"
    },
    {
      "name": "StripeDetector"
    },
    {
      "name": "TelegramBotTokenDetector"
    },
    {
      "name": "TwilioKeyDetector"
    }
  ],
  "filters_used": [
    {
      "path": "detect_secrets.filters.allowlist.is_line_allowlisted"
    },
    {
      "path": "detect_secrets.filters.common.is_ignored_due_to_verification_policies",
      "min_level": 2
    },
    {
      "path": "detect_secrets.filters.heuristic.is_indirect_reference"
    },
    {
      "path": "detect_secrets.filters.heuristic.is_likely_id_string"
    },
    {
      "path": "detect_secrets.filters.heuristic.is_lock_file"
    },
    {
      "path": "detect_secrets.filters.heuristic.is_not_alphanumeric_string"
    },
    {
      "path": "detect_secrets.filters.heuristic.is_potential_uuid"
    },
    {
      "path": "detect_secrets.filters.heuristic.is_prefixed_with_dollar_sign"
    },
    {
      "path": "detect_secrets.filters.heuristic.is_sequential_string"
    },
    {
      "path": "detect_secrets.filters.heuristic.is_swagger_file"
    },
    {
      "path": "detect_secrets.filters.heuristic.is_templated_secret"
    },
    {
      "path": "detect_secrets.filters.regex.should_exclude_file",
      "pattern": [
        "\\.png$|package-lock\\.json$|\\.tsbuildinfo$"
      ]
    }
  ],
  "results": {
    "tests/test_secure_worker.py": [
      {
        "type": "Hex High Entropy String",
        "filename": "tests/test_secure_worker.py",
        "hashed_secret": "c191e16993b7fc19955cff4d37c577827d7763df",
        "is_verified": false,
        "line_number": 180
      }
    ],
    "tw_law_mcp/data/local_rules/ntpc-interior-review-rule.json": [
      {
        "type": "Hex High Entropy String",
        "filename": "tw_law_mcp/data/local_rules/ntpc-interior-review-rule.json",
        "hashed_secret": "07a2f434282594725e4a33a5d37463ec0f853f4b",
        "is_verified": false,
        "line_number": 40
      },
      {
        "type": "Hex High Entropy String",
        "filename": "tw_law_mcp/data/local_rules/ntpc-interior-review-rule.json",
        "hashed_secret": "447c4033646ea609ce09dc4e88a8f58b000ca933",
        "is_verified": false,
        "line_number": 56
      },
      {
        "type": "Hex High Entropy String",
        "filename": "tw_law_mcp/data/local_rules/ntpc-interior-review-rule.json",
        "hashed_secret": "9186ed624ae9931780b8c8b9cb50003f02d6d1e7",
        "is_verified": false,
        "line_number": 70
      },
      {
        "type": "Hex High Entropy String",
        "filename": "tw_law_mcp/data/local_rules/ntpc-interior-review-rule.json",
        "hashed_secret": "d06ec5945e89b6193c5aaaa56cd986f09fbb8098",
        "is_verified": false,
        "line_number": 87
      },
      {
        "type": "Hex High Entropy String",
        "filename": "tw_law_mcp/data/local_rules/ntpc-interior-review-rule.json",
        "hashed_secret": "d4c2a786b6c9995543a7214c896ac6967b3c1d74",
        "is_verified": false,
        "line_number": 104
      }
    ],
    "web/scripts/e2e-upload.ts": [
      {
        "type": "Hex High Entropy String",
        "filename": "web/scripts/e2e-upload.ts",
        "hashed_secret": "c191e16993b7fc19955cff4d37c577827d7763df",
        "is_verified": false,
        "line_number": 10
      }
    ],
    "web/tests/allowlist.test.ts": [
      {
        "type": "Secret Keyword",
        "filename": "web/tests/allowlist.test.ts",
        "hashed_secret": "ac76baa2fc26ee51c161d710eef11a233ed88e34",
        "is_verified": false,
        "line_number": 28
      },
      {
        "type": "Secret Keyword",
        "filename": "web/tests/allowlist.test.ts",
        "hashed_secret": "0b091a1d47348cb5ae5bb215f637317b269e5cfb",
        "is_verified": false,
        "line_number": 30
      }
    ],
    "web/tests/better-auth.test.ts": [
      {
        "type": "Secret Keyword",
        "filename": "web/tests/better-auth.test.ts",
        "hashed_secret": "ac76baa2fc26ee51c161d710eef11a233ed88e34",
        "is_verified": false,
        "line_number": 46
      },
      {
        "type": "Secret Keyword",
        "filename": "web/tests/better-auth.test.ts",
        "hashed_secret": "0b091a1d47348cb5ae5bb215f637317b269e5cfb",
        "is_verified": false,
        "line_number": 48
      }
    ],
    "web/tests/line-link.test.ts": [
      {
        "type": "Secret Keyword",
        "filename": "web/tests/line-link.test.ts",
        "hashed_secret": "6d29c3bea4ea55c44b74dc79ddc5a38cfdf34ce5",
        "is_verified": false,
        "line_number": 11
      }
    ],
    "web/tests/line-webhook-route.test.ts": [
      {
        "type": "Secret Keyword",
        "filename": "web/tests/line-webhook-route.test.ts",
        "hashed_secret": "6d29c3bea4ea55c44b74dc79ddc5a38cfdf34ce5",
        "is_verified": false,
        "line_number": 26
      }
    ],
    "web/tests/runtime-config.test.ts": [
      {
        "type": "Secret Keyword",
        "filename": "web/tests/runtime-config.test.ts",
        "hashed_secret": "ac76baa2fc26ee51c161d710eef11a233ed88e34",
        "is_verified": false,
        "line_number": 49
      },
      {
        "type": "Secret Keyword",
        "filename": "web/tests/runtime-config.test.ts",
        "hashed_secret": "0b091a1d47348cb5ae5bb215f637317b269e5cfb",
        "is_verified": false,
        "line_number": 51
      },
      {
        "type": "Basic Auth Credentials",
        "filename": "web/tests/runtime-config.test.ts",
        "hashed_secret": "5baa61e4c9b93f3f0682250b6cf8331b7ee68fd8",
        "is_verified": false,
        "line_number": 113
      }
    ]
  },
  "generated_at": "2026-09-07T01:35:05Z"
}
